2026-09-12 17:48:42 - https://visital.ir/wp-content/themes/dr-plus/assets/css/iconly.min.css
/home/h415102/public_html/wp-includes/class-wp-hook.php:353 - {closure}
/home/h415102/public_html/wp-includes/plugin.php:206 - apply_filters
/home/h415102/public_html/wp-includes/class-wp-http.php:252 - apply_filters
/home/h415102/public_html/wp-includes/class-wp-http.php:657 - request
/home/h415102/public_html/wp-includes/http.php:189 - get
/home/h415102/public_html/wp-content/plugins/redux-framework/redux-core/inc/extensions/icon_select/icon_select/class-redux-icon-select.php:109 - wp_remote_get
/home/h415102/public_html/wp-content/plugins/redux-framework/redux-core/inc/classes/class-redux-output.php:119 - __construct
/home/h415102/public_html/wp-includes/class-wp-hook.php:353 - enqueue
/home/h415102/public_html/wp-includes/class-wp-hook.php:377 - apply_filters
/home/h415102/public_html/wp-includes/plugin.php:523 - do_action


2026-09-12 17:48:42 - https://visital.ir/wp-content/themes/dr-plus/assets/css/iconly.min.css
/home/h415102/public_html/wp-includes/class-wp-hook.php:353 - {closure}
/home/h415102/public_html/wp-includes/plugin.php:206 - apply_filters
/home/h415102/public_html/wp-includes/class-wp-http.php:252 - apply_filters
/home/h415102/public_html/wp-includes/class-wp-http.php:657 - request
/home/h415102/public_html/wp-includes/http.php:189 - get
/home/h415102/public_html/wp-content/plugins/redux-framework/redux-core/inc/extensions/icon_select/icon_select/class-redux-icon-select.php:109 - wp_remote_get
/home/h415102/public_html/wp-content/plugins/redux-framework/redux-core/inc/classes/class-redux-output.php:119 - __construct
/home/h415102/public_html/wp-includes/class-wp-hook.php:353 - enqueue
/home/h415102/public_html/wp-includes/class-wp-hook.php:377 - apply_filters
/home/h415102/public_html/wp-includes/plugin.php:523 - do_action


2026-09-12 17:48:42 - https://visital.ir/wp-content/themes/dr-plus/assets/css/iconly.min.css
/home/h415102/public_html/wp-includes/class-wp-hook.php:353 - {closure}
/home/h415102/public_html/wp-includes/plugin.php:206 - apply_filters
/home/h415102/public_html/wp-includes/class-wp-http.php:252 - apply_filters
/home/h415102/public_html/wp-includes/class-wp-http.php:657 - request
/home/h415102/public_html/wp-includes/http.php:189 - get
/home/h415102/public_html/wp-content/plugins/redux-framework/redux-core/inc/extensions/icon_select/icon_select/class-redux-icon-select.php:109 - wp_remote_get
/home/h415102/public_html/wp-content/plugins/redux-framework/redux-core/inc/classes/class-redux-output.php:119 - __construct
/home/h415102/public_html/wp-includes/class-wp-hook.php:353 - enqueue
/home/h415102/public_html/wp-includes/class-wp-hook.php:377 - apply_filters
/home/h415102/public_html/wp-includes/plugin.php:523 - do_action


2026-09-12 17:48:42 - https://visital.ir/wp-content/themes/dr-plus/assets/css/iconly.min.css
/home/h415102/public_html/wp-includes/class-wp-hook.php:353 - {closure}
/home/h415102/public_html/wp-includes/plugin.php:206 - apply_filters
/home/h415102/public_html/wp-includes/class-wp-http.php:252 - apply_filters
/home/h415102/public_html/wp-includes/class-wp-http.php:657 - request
/home/h415102/public_html/wp-includes/http.php:189 - get
/home/h415102/public_html/wp-content/plugins/redux-framework/redux-core/inc/extensions/icon_select/icon_select/class-redux-icon-select.php:109 - wp_remote_get
/home/h415102/public_html/wp-content/plugins/redux-framework/redux-core/inc/classes/class-redux-output.php:119 - __construct
/home/h415102/public_html/wp-includes/class-wp-hook.php:353 - enqueue
/home/h415102/public_html/wp-includes/class-wp-hook.php:377 - apply_filters
/home/h415102/public_html/wp-includes/plugin.php:523 - do_action


2026-09-12 17:48:42 - https://visital.ir/wp-content/themes/dr-plus/assets/css/iconly.min.css
/home/h415102/public_html/wp-includes/class-wp-hook.php:353 - {closure}
/home/h415102/public_html/wp-includes/plugin.php:206 - apply_filters
/home/h415102/public_html/wp-includes/class-wp-http.php:252 - apply_filters
/home/h415102/public_html/wp-includes/class-wp-http.php:657 - request
/home/h415102/public_html/wp-includes/http.php:189 - get
/home/h415102/public_html/wp-content/plugins/redux-framework/redux-core/inc/extensions/icon_select/icon_select/class-redux-icon-select.php:109 - wp_remote_get
/home/h415102/public_html/wp-content/plugins/redux-framework/redux-core/inc/classes/class-redux-output.php:119 - __construct
/home/h415102/public_html/wp-includes/class-wp-hook.php:353 - enqueue
/home/h415102/public_html/wp-includes/class-wp-hook.php:377 - apply_filters
/home/h415102/public_html/wp-includes/plugin.php:523 - do_action


2026-09-12 17:48:42 - https://visital.ir/wp-content/themes/dr-plus/assets/css/iconly.min.css
/home/h415102/public_html/wp-includes/class-wp-hook.php:353 - {closure}
/home/h415102/public_html/wp-includes/plugin.php:206 - apply_filters
/home/h415102/public_html/wp-includes/class-wp-http.php:252 - apply_filters
/home/h415102/public_html/wp-includes/class-wp-http.php:657 - request
/home/h415102/public_html/wp-includes/http.php:189 - get
/home/h415102/public_html/wp-content/plugins/redux-framework/redux-core/inc/extensions/icon_select/icon_select/class-redux-icon-select.php:109 - wp_remote_get
/home/h415102/public_html/wp-content/plugins/redux-framework/redux-core/inc/classes/class-redux-output.php:119 - __construct
/home/h415102/public_html/wp-includes/class-wp-hook.php:353 - enqueue
/home/h415102/public_html/wp-includes/class-wp-hook.php:377 - apply_filters
/home/h415102/public_html/wp-includes/plugin.php:523 - do_action


2026-09-12 17:48:42 - https://visital.ir/wp-content/themes/dr-plus/assets/css/iconly.min.css
/home/h415102/public_html/wp-includes/class-wp-hook.php:353 - {closure}
/home/h415102/public_html/wp-includes/plugin.php:206 - apply_filters
/home/h415102/public_html/wp-includes/class-wp-http.php:252 - apply_filters
/home/h415102/public_html/wp-includes/class-wp-http.php:657 - request
/home/h415102/public_html/wp-includes/http.php:189 - get
/home/h415102/public_html/wp-content/plugins/redux-framework/redux-core/inc/extensions/icon_select/icon_select/class-redux-icon-select.php:109 - wp_remote_get
/home/h415102/public_html/wp-content/plugins/redux-framework/redux-core/inc/classes/class-redux-output.php:119 - __construct
/home/h415102/public_html/wp-includes/class-wp-hook.php:353 - enqueue
/home/h415102/public_html/wp-includes/class-wp-hook.php:377 - apply_filters
/home/h415102/public_html/wp-includes/plugin.php:523 - do_action


2026-09-12 17:48:42 - https://visital.ir/wp-content/themes/dr-plus/assets/css/iconly.min.css
/home/h415102/public_html/wp-includes/class-wp-hook.php:353 - {closure}
/home/h415102/public_html/wp-includes/plugin.php:206 - apply_filters
/home/h415102/public_html/wp-includes/class-wp-http.php:252 - apply_filters
/home/h415102/public_html/wp-includes/class-wp-http.php:657 - request
/home/h415102/public_html/wp-includes/http.php:189 - get
/home/h415102/public_html/wp-content/plugins/redux-framework/redux-core/inc/extensions/icon_select/icon_select/class-redux-icon-select.php:109 - wp_remote_get
/home/h415102/public_html/wp-content/plugins/redux-framework/redux-core/inc/classes/class-redux-output.php:119 - __construct
/home/h415102/public_html/wp-includes/class-wp-hook.php:353 - enqueue
/home/h415102/public_html/wp-includes/class-wp-hook.php:377 - apply_filters
/home/h415102/public_html/wp-includes/plugin.php:523 - do_action


2026-09-12 17:48:42 - https://visital.ir/wp-content/themes/dr-plus/assets/css/iconly.min.css
/home/h415102/public_html/wp-includes/class-wp-hook.php:353 - {closure}
/home/h415102/public_html/wp-includes/plugin.php:206 - apply_filters
/home/h415102/public_html/wp-includes/class-wp-http.php:252 - apply_filters
/home/h415102/public_html/wp-includes/class-wp-http.php:657 - request
/home/h415102/public_html/wp-includes/http.php:189 - get
/home/h415102/public_html/wp-content/plugins/redux-framework/redux-core/inc/extensions/icon_select/icon_select/class-redux-icon-select.php:109 - wp_remote_get
/home/h415102/public_html/wp-content/plugins/redux-framework/redux-core/inc/classes/class-redux-output.php:119 - __construct
/home/h415102/public_html/wp-includes/class-wp-hook.php:353 - enqueue
/home/h415102/public_html/wp-includes/class-wp-hook.php:377 - apply_filters
/home/h415102/public_html/wp-includes/plugin.php:523 - do_action


2026-09-12 17:48:42 - https://visital.ir/wp-content/themes/dr-plus/assets/css/iconly.min.css
/home/h415102/public_html/wp-includes/class-wp-hook.php:353 - {closure}
/home/h415102/public_html/wp-includes/plugin.php:206 - apply_filters
/home/h415102/public_html/wp-includes/class-wp-http.php:252 - apply_filters
/home/h415102/public_html/wp-includes/class-wp-http.php:657 - request
/home/h415102/public_html/wp-includes/http.php:189 - get
/home/h415102/public_html/wp-content/plugins/redux-framework/redux-core/inc/extensions/icon_select/icon_select/class-redux-icon-select.php:109 - wp_remote_get
/home/h415102/public_html/wp-content/plugins/redux-framework/redux-core/inc/classes/class-redux-output.php:119 - __construct
/home/h415102/public_html/wp-includes/class-wp-hook.php:353 - enqueue
/home/h415102/public_html/wp-includes/class-wp-hook.php:377 - apply_filters
/home/h415102/public_html/wp-includes/plugin.php:523 - do_action


2026-09-12 17:48:42 - https://visital.ir/wp-content/themes/dr-plus/assets/css/iconly.min.css
/home/h415102/public_html/wp-includes/class-wp-hook.php:353 - {closure}
/home/h415102/public_html/wp-includes/plugin.php:206 - apply_filters
/home/h415102/public_html/wp-includes/class-wp-http.php:252 - apply_filters
/home/h415102/public_html/wp-includes/class-wp-http.php:657 - request
/home/h415102/public_html/wp-includes/http.php:189 - get
/home/h415102/public_html/wp-content/plugins/redux-framework/redux-core/inc/extensions/icon_select/icon_select/class-redux-icon-select.php:109 - wp_remote_get
/home/h415102/public_html/wp-content/plugins/redux-framework/redux-core/inc/classes/class-redux-output.php:119 - __construct
/home/h415102/public_html/wp-includes/class-wp-hook.php:353 - enqueue
/home/h415102/public_html/wp-includes/class-wp-hook.php:377 - apply_filters
/home/h415102/public_html/wp-includes/plugin.php:523 - do_action


2026-09-12 17:48:42 - https://visital.ir/wp-content/themes/dr-plus/assets/css/iconly.min.css
/home/h415102/public_html/wp-includes/class-wp-hook.php:353 - {closure}
/home/h415102/public_html/wp-includes/plugin.php:206 - apply_filters
/home/h415102/public_html/wp-includes/class-wp-http.php:252 - apply_filters
/home/h415102/public_html/wp-includes/class-wp-http.php:657 - request
/home/h415102/public_html/wp-includes/http.php:189 - get
/home/h415102/public_html/wp-content/plugins/redux-framework/redux-core/inc/extensions/icon_select/icon_select/class-redux-icon-select.php:109 - wp_remote_get
/home/h415102/public_html/wp-content/plugins/redux-framework/redux-core/inc/classes/class-redux-output.php:119 - __construct
/home/h415102/public_html/wp-includes/class-wp-hook.php:353 - enqueue
/home/h415102/public_html/wp-includes/class-wp-hook.php:377 - apply_filters
/home/h415102/public_html/wp-includes/plugin.php:523 - do_action


2026-09-12 17:48:42 - https://visital.ir/wp-content/themes/dr-plus/assets/css/iconly.min.css
/home/h415102/public_html/wp-includes/class-wp-hook.php:353 - {closure}
/home/h415102/public_html/wp-includes/plugin.php:206 - apply_filters
/home/h415102/public_html/wp-includes/class-wp-http.php:252 - apply_filters
/home/h415102/public_html/wp-includes/class-wp-http.php:657 - request
/home/h415102/public_html/wp-includes/http.php:189 - get
/home/h415102/public_html/wp-content/plugins/redux-framework/redux-core/inc/extensions/icon_select/icon_select/class-redux-icon-select.php:109 - wp_remote_get
/home/h415102/public_html/wp-content/plugins/redux-framework/redux-core/inc/classes/class-redux-output.php:119 - __construct
/home/h415102/public_html/wp-includes/class-wp-hook.php:353 - enqueue
/home/h415102/public_html/wp-includes/class-wp-hook.php:377 - apply_filters
/home/h415102/public_html/wp-includes/plugin.php:523 - do_action


2026-09-12 17:48:42 - https://visital.ir/wp-content/themes/dr-plus/assets/css/iconly.min.css
/home/h415102/public_html/wp-includes/class-wp-hook.php:353 - {closure}
/home/h415102/public_html/wp-includes/plugin.php:206 - apply_filters
/home/h415102/public_html/wp-includes/class-wp-http.php:252 - apply_filters
/home/h415102/public_html/wp-includes/class-wp-http.php:657 - request
/home/h415102/public_html/wp-includes/http.php:189 - get
/home/h415102/public_html/wp-content/plugins/redux-framework/redux-core/inc/extensions/icon_select/icon_select/class-redux-icon-select.php:109 - wp_remote_get
/home/h415102/public_html/wp-content/plugins/redux-framework/redux-core/inc/classes/class-redux-output.php:119 - __construct
/home/h415102/public_html/wp-includes/class-wp-hook.php:353 - enqueue
/home/h415102/public_html/wp-includes/class-wp-hook.php:377 - apply_filters
/home/h415102/public_html/wp-includes/plugin.php:523 - do_action


2026-09-12 17:48:42 - https://visital.ir/wp-content/themes/dr-plus/assets/css/iconly.min.css
/home/h415102/public_html/wp-includes/class-wp-hook.php:353 - {closure}
/home/h415102/public_html/wp-includes/plugin.php:206 - apply_filters
/home/h415102/public_html/wp-includes/class-wp-http.php:252 - apply_filters
/home/h415102/public_html/wp-includes/class-wp-http.php:657 - request
/home/h415102/public_html/wp-includes/http.php:189 - get
/home/h415102/public_html/wp-content/plugins/redux-framework/redux-core/inc/extensions/icon_select/icon_select/class-redux-icon-select.php:109 - wp_remote_get
/home/h415102/public_html/wp-content/plugins/redux-framework/redux-core/inc/classes/class-redux-output.php:119 - __construct
/home/h415102/public_html/wp-includes/class-wp-hook.php:353 - enqueue
/home/h415102/public_html/wp-includes/class-wp-hook.php:377 - apply_filters
/home/h415102/public_html/wp-includes/plugin.php:523 - do_action


2026-09-12 17:48:43 - https://visital.ir/wp-content/themes/dr-plus/assets/css/iconly.min.css
/home/h415102/public_html/wp-includes/class-wp-hook.php:353 - {closure}
/home/h415102/public_html/wp-includes/plugin.php:206 - apply_filters
/home/h415102/public_html/wp-includes/class-wp-http.php:252 - apply_filters
/home/h415102/public_html/wp-includes/class-wp-http.php:657 - request
/home/h415102/public_html/wp-includes/http.php:189 - get
/home/h415102/public_html/wp-content/plugins/redux-framework/redux-core/inc/extensions/icon_select/icon_select/class-redux-icon-select.php:109 - wp_remote_get
/home/h415102/public_html/wp-content/plugins/redux-framework/redux-core/inc/classes/class-redux-output.php:119 - __construct
/home/h415102/public_html/wp-includes/class-wp-hook.php:353 - enqueue
/home/h415102/public_html/wp-includes/class-wp-hook.php:377 - apply_filters
/home/h415102/public_html/wp-includes/plugin.php:523 - do_action


2026-09-12 17:48:43 - https://visital.ir/wp-content/themes/dr-plus/assets/css/iconly.min.css
/home/h415102/public_html/wp-includes/class-wp-hook.php:353 - {closure}
/home/h415102/public_html/wp-includes/plugin.php:206 - apply_filters
/home/h415102/public_html/wp-includes/class-wp-http.php:252 - apply_filters
/home/h415102/public_html/wp-includes/class-wp-http.php:657 - request
/home/h415102/public_html/wp-includes/http.php:189 - get
/home/h415102/public_html/wp-content/plugins/redux-framework/redux-core/inc/extensions/icon_select/icon_select/class-redux-icon-select.php:109 - wp_remote_get
/home/h415102/public_html/wp-content/plugins/redux-framework/redux-core/inc/classes/class-redux-output.php:119 - __construct
/home/h415102/public_html/wp-includes/class-wp-hook.php:353 - enqueue
/home/h415102/public_html/wp-includes/class-wp-hook.php:377 - apply_filters
/home/h415102/public_html/wp-includes/plugin.php:523 - do_action


2026-09-12 17:48:43 - https://visital.ir/wp-content/themes/dr-plus/assets/css/iconly.min.css
/home/h415102/public_html/wp-includes/class-wp-hook.php:353 - {closure}
/home/h415102/public_html/wp-includes/plugin.php:206 - apply_filters
/home/h415102/public_html/wp-includes/class-wp-http.php:252 - apply_filters
/home/h415102/public_html/wp-includes/class-wp-http.php:657 - request
/home/h415102/public_html/wp-includes/http.php:189 - get
/home/h415102/public_html/wp-content/plugins/redux-framework/redux-core/inc/extensions/icon_select/icon_select/class-redux-icon-select.php:109 - wp_remote_get
/home/h415102/public_html/wp-content/plugins/redux-framework/redux-core/inc/classes/class-redux-output.php:119 - __construct
/home/h415102/public_html/wp-includes/class-wp-hook.php:353 - enqueue
/home/h415102/public_html/wp-includes/class-wp-hook.php:377 - apply_filters
/home/h415102/public_html/wp-includes/plugin.php:523 - do_action


2026-09-12 17:48:43 - https://visital.ir/wp-content/themes/dr-plus/assets/css/iconly.min.css
/home/h415102/public_html/wp-includes/class-wp-hook.php:353 - {closure}
/home/h415102/public_html/wp-includes/plugin.php:206 - apply_filters
/home/h415102/public_html/wp-includes/class-wp-http.php:252 - apply_filters
/home/h415102/public_html/wp-includes/class-wp-http.php:657 - request
/home/h415102/public_html/wp-includes/http.php:189 - get
/home/h415102/public_html/wp-content/plugins/redux-framework/redux-core/inc/extensions/icon_select/icon_select/class-redux-icon-select.php:109 - wp_remote_get
/home/h415102/public_html/wp-content/plugins/redux-framework/redux-core/inc/classes/class-redux-output.php:119 - __construct
/home/h415102/public_html/wp-includes/class-wp-hook.php:353 - enqueue
/home/h415102/public_html/wp-includes/class-wp-hook.php:377 - apply_filters
/home/h415102/public_html/wp-includes/plugin.php:523 - do_action


2026-09-12 17:48:43 - https://visital.ir/wp-content/themes/dr-plus/assets/css/iconly.min.css
/home/h415102/public_html/wp-includes/class-wp-hook.php:353 - {closure}
/home/h415102/public_html/wp-includes/plugin.php:206 - apply_filters
/home/h415102/public_html/wp-includes/class-wp-http.php:252 - apply_filters
/home/h415102/public_html/wp-includes/class-wp-http.php:657 - request
/home/h415102/public_html/wp-includes/http.php:189 - get
/home/h415102/public_html/wp-content/plugins/redux-framework/redux-core/inc/extensions/icon_select/icon_select/class-redux-icon-select.php:109 - wp_remote_get
/home/h415102/public_html/wp-content/plugins/redux-framework/redux-core/inc/classes/class-redux-output.php:119 - __construct
/home/h415102/public_html/wp-includes/class-wp-hook.php:353 - enqueue
/home/h415102/public_html/wp-includes/class-wp-hook.php:377 - apply_filters
/home/h415102/public_html/wp-includes/plugin.php:523 - do_action


2026-09-12 17:48:43 - https://visital.ir/wp-content/themes/dr-plus/assets/css/iconly.min.css
/home/h415102/public_html/wp-includes/class-wp-hook.php:353 - {closure}
/home/h415102/public_html/wp-includes/plugin.php:206 - apply_filters
/home/h415102/public_html/wp-includes/class-wp-http.php:252 - apply_filters
/home/h415102/public_html/wp-includes/class-wp-http.php:657 - request
/home/h415102/public_html/wp-includes/http.php:189 - get
/home/h415102/public_html/wp-content/plugins/redux-framework/redux-core/inc/extensions/icon_select/icon_select/class-redux-icon-select.php:109 - wp_remote_get
/home/h415102/public_html/wp-content/plugins/redux-framework/redux-core/inc/classes/class-redux-output.php:119 - __construct
/home/h415102/public_html/wp-includes/class-wp-hook.php:353 - enqueue
/home/h415102/public_html/wp-includes/class-wp-hook.php:377 - apply_filters
/home/h415102/public_html/wp-includes/plugin.php:523 - do_action


2026-09-12 17:48:43 - https://visital.ir/wp-content/themes/dr-plus/assets/css/iconly.min.css
/home/h415102/public_html/wp-includes/class-wp-hook.php:353 - {closure}
/home/h415102/public_html/wp-includes/plugin.php:206 - apply_filters
/home/h415102/public_html/wp-includes/class-wp-http.php:252 - apply_filters
/home/h415102/public_html/wp-includes/class-wp-http.php:657 - request
/home/h415102/public_html/wp-includes/http.php:189 - get
/home/h415102/public_html/wp-content/plugins/redux-framework/redux-core/inc/extensions/icon_select/icon_select/class-redux-icon-select.php:109 - wp_remote_get
/home/h415102/public_html/wp-content/plugins/redux-framework/redux-core/inc/classes/class-redux-output.php:119 - __construct
/home/h415102/public_html/wp-includes/class-wp-hook.php:353 - enqueue
/home/h415102/public_html/wp-includes/class-wp-hook.php:377 - apply_filters
/home/h415102/public_html/wp-includes/plugin.php:523 - do_action


2026-09-12 17:48:43 - https://visital.ir/wp-content/themes/dr-plus/assets/css/iconly.min.css
/home/h415102/public_html/wp-includes/class-wp-hook.php:353 - {closure}
/home/h415102/public_html/wp-includes/plugin.php:206 - apply_filters
/home/h415102/public_html/wp-includes/class-wp-http.php:252 - apply_filters
/home/h415102/public_html/wp-includes/class-wp-http.php:657 - request
/home/h415102/public_html/wp-includes/http.php:189 - get
/home/h415102/public_html/wp-content/plugins/redux-framework/redux-core/inc/extensions/icon_select/icon_select/class-redux-icon-select.php:109 - wp_remote_get
/home/h415102/public_html/wp-content/plugins/redux-framework/redux-core/inc/classes/class-redux-output.php:119 - __construct
/home/h415102/public_html/wp-includes/class-wp-hook.php:353 - enqueue
/home/h415102/public_html/wp-includes/class-wp-hook.php:377 - apply_filters
/home/h415102/public_html/wp-includes/plugin.php:523 - do_action


2026-09-12 17:48:43 - https://visital.ir/wp-content/themes/dr-plus/assets/css/iconly.min.css
/home/h415102/public_html/wp-includes/class-wp-hook.php:353 - {closure}
/home/h415102/public_html/wp-includes/plugin.php:206 - apply_filters
/home/h415102/public_html/wp-includes/class-wp-http.php:252 - apply_filters
/home/h415102/public_html/wp-includes/class-wp-http.php:657 - request
/home/h415102/public_html/wp-includes/http.php:189 - get
/home/h415102/public_html/wp-content/plugins/redux-framework/redux-core/inc/extensions/icon_select/icon_select/class-redux-icon-select.php:109 - wp_remote_get
/home/h415102/public_html/wp-content/plugins/redux-framework/redux-core/inc/classes/class-redux-output.php:119 - __construct
/home/h415102/public_html/wp-includes/class-wp-hook.php:353 - enqueue
/home/h415102/public_html/wp-includes/class-wp-hook.php:377 - apply_filters
/home/h415102/public_html/wp-includes/plugin.php:523 - do_action


2026-09-12 17:48:43 - https://visital.ir/wp-content/themes/dr-plus/assets/css/iconly.min.css
/home/h415102/public_html/wp-includes/class-wp-hook.php:353 - {closure}
/home/h415102/public_html/wp-includes/plugin.php:206 - apply_filters
/home/h415102/public_html/wp-includes/class-wp-http.php:252 - apply_filters
/home/h415102/public_html/wp-includes/class-wp-http.php:657 - request
/home/h415102/public_html/wp-includes/http.php:189 - get
/home/h415102/public_html/wp-content/plugins/redux-framework/redux-core/inc/extensions/icon_select/icon_select/class-redux-icon-select.php:109 - wp_remote_get
/home/h415102/public_html/wp-content/plugins/redux-framework/redux-core/inc/classes/class-redux-output.php:119 - __construct
/home/h415102/public_html/wp-includes/class-wp-hook.php:353 - enqueue
/home/h415102/public_html/wp-includes/class-wp-hook.php:377 - apply_filters
/home/h415102/public_html/wp-includes/plugin.php:523 - do_action


