[1.6192s] template_redirect
[1.6331s] loop_start
[1.6355s] loop_end
[2.1127s] wp_head
[2.2659s] wp_footer
[2.2912s] shutdown
[1.5667s] template_redirect
[1.5801s] loop_start
[1.5823s] loop_end
[2.0578s] wp_head
[2.2101s] wp_footer
[2.2350s] shutdown
[1.7690s] template_redirect
[1.7829s] loop_start
[1.7849s] loop_end
[2.3361s] wp_head
[2.5232s] wp_footer
[2.5281s] shutdown
[1.6933s] template_redirect
[1.7073s] loop_start
[1.7091s] loop_end
[2.1895s] wp_head
[2.3423s] wp_footer
[2.3671s] shutdown
[1.5655s] shutdown
[1.4890s] template_redirect
[1.5091s] loop_start
[1.5115s] loop_end
[2.0024s] wp_head
[2.1566s] wp_footer
[2.1616s] shutdown
[1.5673s] shutdown
[1.5370s] template_redirect
[1.5497s] loop_start
[1.5515s] loop_end
[2.0352s] wp_head
[2.1875s] wp_footer
[2.1941s] shutdown
[2.1039s] shutdown
[1.5318s] template_redirect
[1.5447s] loop_start
[1.5465s] loop_end
[2.0209s] wp_head
[2.1726s] wp_footer
[2.1920s] shutdown
[1.5336s] shutdown
[1.4755s] template_redirect
[1.4896s] loop_start
[1.4918s] loop_end
[1.9675s] wp_head
[2.1278s] wp_footer
[2.1325s] shutdown
[1.6264s] shutdown
[1.5352s] template_redirect
[1.5487s] loop_start
[1.5506s] loop_end
[2.0304s] wp_head
[2.1902s] wp_footer
[2.2147s] shutdown
[2.2919s] shutdown
[1.5299s] template_redirect
[1.5461s] loop_start
[1.5479s] loop_end
[2.0489s] wp_head
[2.2261s] wp_footer
[2.2329s] shutdown
[1.5334s] shutdown
[1.5156s] template_redirect
[1.5297s] loop_start
[1.5320s] loop_end
[2.0010s] wp_head
[2.1649s] wp_footer
[2.1713s] shutdown
[1.5236s] shutdown
[1.6198s] template_redirect
[1.6338s] loop_start
[1.6357s] loop_end
[2.1310s] wp_head
[2.2730s] wp_footer
[2.2981s] shutdown
[1.5357s] template_redirect
[1.5492s] loop_start
[1.5510s] loop_end
[2.0310s] wp_head
[2.1678s] wp_footer
[2.2035s] shutdown
[1.5419s] template_redirect
[1.5554s] loop_start
[1.5573s] loop_end
[2.0446s] wp_head
[2.2049s] wp_footer
[2.2108s] shutdown
[1.6059s] template_redirect
[1.6191s] loop_start
[1.6209s] loop_end
[2.1454s] wp_head
[2.2827s] wp_footer
[2.3016s] shutdown
